> Task :clean

> Task :compileJava
gradlew.bat : C:\Users\jgmel\Documents\projects\JGlimsPlugin\JGlimsPlugin\src\main\java\com\jglims\plugin\abyss\AbyssDimensionManager.java:84: warning: [removal] 
DO_MOB_SPAWNING in GameRule has been deprecated and marked for removal
At line:58 char:1
+ & .\gradlew.bat clean build 2>&1 | Tee-Object -FilePath ".\build_outp ...
+ ~~~~~~~~~~~~~~~~~~~~~~~~~~~~~~~~
    + CategoryInfo          : NotSpecified: (C:\Users\jgmel\...ked for removal:String) [], RemoteException
    + FullyQualifiedErrorId : NativeCommandError
 
        abyssWorld.setGameRule(GameRule.DO_MOB_SPAWNING, false);
                                       ^
C:\Users\jgmel\Documents\projects\JGlimsPlugin\JGlimsPlugin\src\main\java\com\jglims\plugin\abyss\AbyssDimensionManager.java:85: warning: [removal] 
DO_WEATHER_CYCLE in GameRule has been deprecated and marked for removal
        abyssWorld.setGameRule(GameRule.DO_WEATHER_CYCLE, false);
                                       ^
C:\Users\jgmel\Documents\projects\JGlimsPlugin\JGlimsPlugin\src\main\java\com\jglims\plugin\abyss\AbyssDimensionManager.java:86: warning: [removal] DO_FIRE_TICK 
in GameRule has been deprecated and marked for removal
        abyssWorld.setGameRule(GameRule.DO_FIRE_TICK, false);
                                       ^
C:\Users\jgmel\Documents\projects\JGlimsPlugin\JGlimsPlugin\src\main\java\com\jglims\plugin\abyss\AbyssDimensionManager.java:87: warning: [removal] MOB_GRIEFING 
in GameRule has been deprecated and marked for removal
        abyssWorld.setGameRule(GameRule.MOB_GRIEFING, false);
                                       ^
C:\Users\jgmel\Documents\projects\JGlimsPlugin\JGlimsPlugin\src\main\java\com\jglims\plugin\abyss\AbyssDimensionManager.java:88: warning: [removal] 
ANNOUNCE_ADVANCEMENTS in GameRule has been deprecated and marked for removal
        abyssWorld.setGameRule(GameRule.ANNOUNCE_ADVANCEMENTS, false);
                                       ^
C:\Users\jgmel\Documents\projects\JGlimsPlugin\JGlimsPlugin\src\main\java\com\jglims\plugin\abyss\AbyssDimensionManager.java:89: warning: [removal] 
SHOW_DEATH_MESSAGES in GameRule has been deprecated and marked for removal
        abyssWorld.setGameRule(GameRule.SHOW_DEATH_MESSAGES, false);
                                       ^
C:\Users\jgmel\Documents\projects\JGlimsPlugin\JGlimsPlugin\src\main\java\com\jglims\plugin\legendary\LegendaryArmorListener.java:221: warning: [removal] name() 
in OldEnum has been deprecated and marked for removal
                String biome = player.getLocation().getBlock().getBiome().name().toLowerCase();
                                                                         ^
C:\Users\jgmel\Documents\projects\JGlimsPlugin\JGlimsPlugin\src\main\java\com\jglims\plugin\legendary\LegendaryArmorListener.java:243: warning: [removal] name() 
in OldEnum has been deprecated and marked for removal
                String biome = player.getLocation().getBlock().getBiome().name().toLowerCase();
                                                                         ^
C:\Users\jgmel\Documents\projects\JGlimsPlugin\JGlimsPlugin\src\main\java\com\jglims\plugin\legendary\LegendaryArmorListener.java:332: warning: [removal] name() 
in OldEnum has been deprecated and marked for removal
                String biomeName = player.getLocation().getBlock().getBiome().name().toLowerCase();
                                                                             ^
Note: Some input files use or override a deprecated API.
Note: Recompile with -Xlint:deprecation for details.
9 warnings

> Task :processResources
> Task :classes
> Task :jar
> Task :assemble
> Task :compileTestJava NO-SOURCE
> Task :processTestResources NO-SOURCE
> Task :testClasses UP-TO-DATE
> Task :test NO-SOURCE
> Task :check UP-TO-DATE
> Task :build

[Incubating] Problems report is available at: file:///C:/Users/jgmel/Documents/projects/JGlimsPlugin/JGlimsPlugin/build/reports/problems/problems-report.html

BUILD SUCCESSFUL in 8s
4 actionable tasks: 4 executed
